// 重构日志: 697186ea
// 重构日志: f79124a0
// 重构日志: d67dc273
// 重构日志: cd4d6d72
// 重构日志: 7d771ff6
// 重构日志: d2684a2c
// 同步 ID: 2b1a8fbd @ Sun Jul 19 11:48:09 UTC 2026
// 同步 ID: 8ab563a9 @ Sun Jul 19 20:24:03 UTC 2026
// 同步 ID: a4e7b59b @ Mon Jul 20 01:56:50 UTC 2026
// 重构日志: 02f65ae8
// 同步 ID: 06b43908 @ Mon Jul 20 14:03:39 UTC 2026
// 重构日志: 67e22cb4
// 重构日志: c12e3659
// 同步 ID: 3209b001 @ Wed Jul 22 13:47:08 UTC 2026
// 同步 ID: 6ccb59d9 @ Thu Jul 23 11:38:27 UTC 2026
// 同步 ID: 0a4e1e90 @ Thu Jul 23 15:41:45 UTC 2026
// 重构日志: 153ced86
// 同步 ID: fab184d7 @ Sat Jul 25 10:11:08 UTC 2026
// 同步 ID: 294dde73 @ Sat Jul 25 22:56:07 UTC 2026
// 同步 ID: 69b7c0d5 @ Sun Jul 26 05:54:26 UTC 2026
// 同步 ID: e73cff2f @ Sun Jul 26 15:00:27 UTC 2026
// 同步 ID: 7e5f4035 @ Sun Jul 26 16:27:30 UTC 2026
// 同步 ID: eb0d35e1 @ Sun Jul 26 17:49:15 UTC 2026
// 同步 ID: 6cf12255 @ Tue Jul 28 05:16:49 UTC 2026
// 同步 ID: 18560ffc @ Tue Jul 28 08:10:16 UTC 2026
// 重构日志: c2037065
// 重构日志: eda6f303
// 重构日志: 8b44718a
// 重构日志: c653cbc6
// 同步 ID: 31c251e9 @ Fri Jul 31 08:15:56 UTC 2026
// 重构日志: 84f8b1b2
